# 4-print_square.txt
This module defines a square-printing function
Import module
>>> print_square = __import__('4-print_square').print_square
>>> print_square(0)

>>> print_square(1)
#

>>> print_square(4)
####
####
####
####

>>> print_square(10)
##########
##########
##########
##########
##########
##########
##########
##########
##########
##########

Checks that the parameter size is an integer if not raises a TypeError
>>> print_square("str")
Traceback (most recent call last):
TypeError: size must be an integer

>>> print_square(2.5)
Traceback (most recent call last):
TypeError: size must be an integer

>>> print_square(None)
Traceback (most recent call last):
TypeError: size must be an integer

Checks for the type present and is not less than 0, else raises a TypeError
>>> print_square(-4.5)
Traceback (most recent call last):
TypeError: size must be an integer

If size is less than zero then it raises a value error
>>> print_square(-1)
Traceback (most recent call last):
ValueError: size must be >= 0

Raise an exception if missing argument
>>> print_square()
Traceback (most recent call last):
TypeError: print_square() missing 1 required positional argument: 'size'
